what we learn 

C:\Users\91725> cd Desktop

C:\Users\91725\Desktop> cd git

C:\Users\91725\Desktop\git> dir /a
 Volume in drive C is Windows
 Volume Serial Number is 642F-B5AF

 Directory of C:\Users\91725\Desktop\git

18-07-2023  19:39    <DIR>          .
18-07-2023  19:39    <DIR>          ..
18-07-2023  19:39    <DIR>          .git
               0 File(s)              0 bytes
               3 Dir(s)  418,619,879,424 bytes free

C:\Users\91725\Desktop\git> git status
On branch master

No commits yet

nothing to commit (create/copy files and use "git add" to track)

C:\Users\91725\Desktop\git> cpy con myfile.txt
'cpy' is not recognized as an internal or external command,
operable program or batch file.

C:\Users\91725\Desktop\git> copy con myfile.txt
cd--
hfkjdhfkj
        1 file(s) copied.

C:\Users\91725\Desktop\git> git status
On branch master

No commits yet

Untracked files:
  (use "git add <file>..." to include in what will be committed)
        myfile.txt

nothing added to commit but untracked files present (use "git add" to track)

C:\Users\91725\Desktop\git> git add myfile.txt

C:\Users\91725\Desktop\git> git status
On branch master

No commits yet

Changes to be committed:
  (use "git rm --cached <file>..." to unstage)
        new file:   myfile.txt


C:\Users\91725\Desktop\git> git commit -m "my file is added
"
[master (root-commit) aaf8311] my file is added
 1 file changed, 2 insertions(+)
 create mode 100644 myfile.txt

C:\Users\91725\Desktop\git> git status
On branch master
nothing to commit, working tree clean

C:\Users\91725\Desktop\git> vi myfile.txt
'vi' is not recognized as an internal or external command,
operable program or batch file.

C:\Users\91725\Desktop\git> cat myfiles.txt
'cat' is not recognized as an internal or external command,
operable program or batch file.

C:\Users\91725\Desktop\git> "myfile.txt"

C:\Users\91725\Desktop\git> copy con myfile.txt
Overwrite myfile.txt? (Yes/No/All): No
        0 file(s) copied.

C:\Users\91725\Desktop\git> notepad myfile.txt

C:\Users\91725\Desktop\git> git status
On branch master
Changes not staged for commit:
  (use "git add <file>..." to update what will be committed)  (use "git restore <file>..." to discard changes in working directory)
        modified:   myfile.txt

no changes added to commit (use "git add" and/or "git commit -a")

C:\Users\91725\Desktop\git> git add .

C:\Users\91725\Desktop\git> git status
On branch master
Changes to be committed:
  (use "git restore --staged <file>..." to unstage)
        modified:   myfile.txt


C:\Users\91725\Desktop\git> git restore --staged myfile.txt

C:\Users\91725\Desktop\git> git status
On branch master
Changes not staged for commit:
  (use "git add <file>..." to update what will be committed)  (use "git restore <file>..." to discard changes in working directory)
        modified:   myfile.txt

no changes added to commit (use "git add" and/or "git commit -a")

C:\Users\91725\Desktop\git> got add .
'got' is not recognized as an internal or external command,
operable program or batch file.

C:\Users\91725\Desktop\git>git add .

C:\Users\91725\Desktop\git> git commit -m "file is modified
2 lines were added"
[master c3f9f4c] file is modified 2 lines were added
 1 file changed, 2 insertions(+)

C:\Users\91725\Desktop\git> git log
commit c3f9f4cc6772bf8d3cdaf2842df30fb49b416e13 (HEAD -> master)
Author: sourav <souravadhikari668@gmail.com>
Date:   Tue Jul 18 20:05:45 2023 +0530

    file is modified 2 lines were added

commit aaf831173b6c27080ec72e44a5e197bf5aba44b6
Author: sourav <souravadhikari668@gmail.com>
Date:   Tue Jul 18 19:54:18 2023 +0530

    my file is added

C:\Users\91725\Desktop\git> del myfile.txt

C:\Users\91725\Desktop\git> git status
On branch master
Changes not staged for commit:
  (use "git add/rm <file>..." to update what will be committed)
  (use "git restore <file>..." to discard changes in working directory)
        deleted:    myfile.txt

no changes added to commit (use "git add" and/or "git commit -a")

C:\Users\91725\Desktop\git> git add.
git: 'add.' is not a git command. See 'git --help'.

The most similar command is
        add

C:\Users\91725\Desktop\git>git add
Nothing specified, nothing added.
hint: Maybe you wanted to say 'git add .'?
hint: Turn this message off by running
hint: "git config advice.addEmptyPathspec false"

C:\Users\91725\Desktop\git> git add .

C:\Users\91725\Desktop\git> git status
On branch master
Changes to be committed:
  (use "git restore --staged <file>..." to unstage)
        deleted:    myfile.txt


C:\Users\91725\Desktop\git> git commit -m "my file is deleted "
[master d98638e] my file is deleted
 1 file changed, 4 deletions(-)
 delete mode 100644 myfile.txt

C:\Users\91725\Desktop\git> git log
commit d98638ec25fb4a5f0db3fd9858f63f3027f3e42f (HEAD -> master)
Author: sourav <souravadhikari668@gmail.com>
Date:   Tue Jul 18 20:10:25 2023 +0530

    my file is deleted

commit c3f9f4cc6772bf8d3cdaf2842df30fb49b416e13
Author: sourav <souravadhikari668@gmail.com>
Date:   Tue Jul 18 20:05:45 2023 +0530

    file is modified 2 lines were added

commit aaf831173b6c27080ec72e44a5e197bf5aba44b6
Author: sourav <souravadhikari668@gmail.com>
Date:   Tue Jul 18 19:54:18 2023 +0530

    my file is added

C:\Users\91725\Desktop\git> git reset aaf831173b6c27080ec72e44a5e197bf5aba44b6
Unstaged changes after reset:
D       myfile.txt

C:\Users\91725\Desktop\git> git log
commit aaf831173b6c27080ec72e44a5e197bf5aba44b6 (HEAD -> master)
Author: sourav <souravadhikari668@gmail.com>
Date:   Tue Jul 18 19:54:18 2023 +0530

    my file is added

C:\Users\91725\Desktop\git> git status
On branch master
Changes not staged for commit:
  (use "git add/rm <file>..." to update what will be committed)
  (use "git restore <file>..." to discard changes in working directory)
        deleted:    myfile.txt

no changes added to commit (use "git add" and/or "git commit -a")

C:\Users\91725\Desktop\git> git add .

C:\Users\91725\Desktop\git> git status
On branch master
Changes to be committed:
  (use "git restore --staged <file>..." to unstage)
        deleted:    myfile.txt


C:\Users\91725\Desktop\git> copy con "newfile.txt"
fhgdshThe I/O operation has been aborted because of either a thread exit or an application request.
        0 file(s) copied.

C:\Users\91725\Desktop\git> git add .

C:\Users\91725\Desktop\git>git status
On branch master
Changes to be committed:
  (use "git restore --staged <file>..." to unstage)
        deleted:    myfile.txt


C:\Users\91725\Desktop\git> ren myfile.txt newfile.txt
The system cannot find the file specified.

C:\Users\91725\Desktop\git> git restore --staged myfile.txt

C:\Users\91725\Desktop\git> ren myfile.txt newfile.txt
The system cannot find the file specified.

C:\Users\91725\Desktop\git> git status
On branch master
Changes not staged for commit:
  (use "git add/rm <file>..." to update what will be committed)
  (use "git restore <file>..." to discard changes in working directory)
        deleted:    myfile.txt

no changes added to commit (use "git add" and/or "git commit -a")

C:\Users\91725\Desktop\git> git add .

C:\Users\91725\Desktop\git> git status
On branch master
Changes to be committed:
  (use "git restore --staged <file>..." to unstage)
        deleted:    myfile.txt


C:\Users\91725\Desktop\git> ren myfile.txt newfile.txt
The system cannot find the file specified.

C:\Users\91725\Desktop\git> git mv myfile.txt newfile.txt
fatal: bad source, source=myfile.txt, destination=newfile.txt

C:\Users\91725\Desktop\git> git mv -f myfile.txt newfile.txt
fatal: bad source, source=myfile.txt, destination=newfile.txt

C:\Users\91725\Desktop\git> copy con newfiles.txt
hdfhoju
        1 file(s) copied.

C:\Users\91725\Desktop\git> git add .

C:\Users\91725\Desktop\git> git status
On branch master
Changes to be committed:
  (use "git restore --staged <file>..." to unstage)
        deleted:    myfile.txt
        new file:   newfiles.txt


C:\Users\91725\Desktop\git> git stash
Saved working directory and index state WIP on master: aaf8311 my file is added

C:\Users\91725\Desktop\git> gti log
'gti' is not recognized as an internal or external command,
operable program or batch file.

C:\Users\91725\Desktop\git>git log
commit aaf831173b6c27080ec72e44a5e197bf5aba44b6 (HEAD -> master)
Author: sourav <souravadhikari668@gmail.com>
Date:   Tue Jul 18 19:54:18 2023 +0530

    my file is added

C:\Users\91725\Desktop\git> git status
On branch master
nothing to commit, working tree clean

C:\Users\91725\Desktop\git> git log
commit aaf831173b6c27080ec72e44a5e197bf5aba44b6 (HEAD -> master)
Author: sourav <souravadhikari668@gmail.com>
Date:   Tue Jul 18 19:54:18 2023 +0530

    my file is added

C:\Users\91725\Desktop\git> git stash pop
On branch master
Changes to be committed:
  (use "git restore --staged <file>..." to unstage)
        new file:   newfiles.txt

Changes not staged for commit:
  (use "git add/rm <file>..." to update what will be committed)
  (use "git restore <file>..." to discard changes in working directory)
        deleted:    myfile.txt

Dropped refs/stash@{0} (bd75a0862a9a229be06064bfda65b44d83b84d43)

C:\Users\91725\Desktop\git>git add .

C:\Users\91725\Desktop\git>giti stash
'giti' is not recognized as an internal or external command,
operable program or batch file.

C:\Users\91725\Desktop\git>git stash
Saved working directory and index state WIP on master: aaf8311 my file is added

C:\Users\91725\Desktop\git> git stash clear

C:\Users\91725\Desktop\git>gti status
'gti' is not recognized as an internal or external command,
operable program or batch file.

C:\Users\91725\Desktop\git>git status
On branch master
nothing to commit, working tree clean

C:\Users\91725\Desktop\git>gitg stash pop
'gitg' is not recognized as an internal or external command,
operable program or batch file.

C:\Users\91725\Desktop\git>git stash pop
No stash entries found.